// Bun Snapshot v1, https://goo.gl/fbAQLP

exports[`signXml Signs XML 1`] = `
{
  "root": {
    "Signature": {
      "@_xmlns": "http://www.w3.org/2000/09/xmldsig#",
      "KeyInfo": {
        "X509Data": {
          "X509Certificate": "MIIFeTCCA2GgAwIBAgIUc92p4Ro7Vbj/zCmuWLEyAOLJdcIwDQYJKoZIhvcNAQELBQAwUzEbMBkGA1UEAwwSZmF6ZW5kYXRlY2guY29tLmJyMREwDwYDVQQLDAhEZXYgVGVhbTEUMBIGA1UECgwLRmF6ZW5kYVRlY2gxCzAJBgNVBAYTAkJSMCAXDTI1MDEwODAyNTIyMVoYDzIwOTkxMjMxMDI1MjIxWjBTMRswGQYDVQQDDBJmYXplbmRhdGVjaC5jb20uYnIxETAPBgNVBAsMCERldiBUZWFtMRQwEgYDVQQKDAtGYXplbmRhVGVjaDELMAkGA1UEBhMCQlIwggIiMA0GCSqGSIb3DQEBAQUAA4ICDwAwggIKAoICAQC+dPrxTGmuiEeFBXPTNy/zfZGycHgyNH8V5q7GAO2LlYIuxcHNrRUevZK8aFObxy6PDlJtjZNU5IgqDDUkokPv0ECHvQoG9hD/kcikWf8f0jfl7DqBRgyPC3NH2ihASyITIGhpb+3Rea7NKUQd/4xCMzsGdgH7Ywq/lNKsyE0ap9MhV+oxIXKD8mmYS+XSYKoNT2gakPLH+wMk4PqAiGtcypXKsVb9HkajOqAxt0F2OzXLg98yFB8iZdoR8Ia4kTD3CcI9ljV8uHxmLqHWIEfwGHHmHlKR0FFx6WGFwvlcG/ymUux2NBeE7Bb1Myte4dbeikXe7PsW2AWbgaVac1AJR+ZPvKbXWnV5rn3o/lHchW1Zz9npm1iWhNFb5SOSKykYYAj2YEg/2oJ0ozdG/TyKTIsSTVhDeepgEZS3O46qU4DxplwmfMpdRjskRlTwap4TzGfgBs+bL3dtOnJLvjms9gOAUlKcXrD85bvFMT4wlSG2CjWVa5O1db05qDqiN9SdUh5xzljR9e7aG8i2TmP3blblxrF0ineYZf6IRqtZFixWxlhkAzLzA9jbrdDL6D4Fzxy5ja5BTaG4y75QBhmPP84fL+zuOWdTS6g1Nice8fxnrhXMUO1cLu+0qsYG1eG6AWQhE/MJwp13/s0+GhWU1qJ3nKjSRqa9pr0MVDPX0QIDAQABo0MwQTALBgNVHQ8EBAMCBDAwEwYDVR0lBAwwCgYIKwYBBQUHAwEwHQYDVR0OBBYEFGC1E6b0Ya/4GhppHoddL+tlGjErMA0GCSqGSIb3DQEBCwUAA4ICAQA0GcWFIbuRO7+rr7M+np9jRrghvBVSyXWJoKryY5XvKeMrwg5VZROz84mz9nYng20hBD6SXi/h2l68Cg+R+Nvk5zTKbzLsh21/LxltjLdTWmtpwWtlLAhcJFpNUnbKJ/UNxOrn7rVCjbizzcjJmuZ8WExn8mgset1VZ1LDX1+06h2pV/SidbZy/JxEad02AabVq9hyx0WKAxLEt41abz7H/4MyPdggwxSSFQ2Y+UjtSeBnsx/iLbdxN0cQsaGW+FI+XZbapCNGXGgkrqOFxW6RLisMGWo013Jf7Y/YmMnTt3XBbntKn8WX46BIrQtrmtIfxG38QySj1RxHaFxL5MlioS7Il6LfjQMPcyOmoPx0+11bTKoZ1He6TEBMImewr6A94/TTOxAw5EbgwSNxYnRS0Z7wNTIe4/281TN0Y5AB8Bye8TJDlJB89Vq7ZUmhkVVQSFgFf6WPALLkesHTDP4qOrlPmb5l5fcy7cVM70pyW2PG/BrSmefWImHO9O8HAvfV1rr0QeU+y01uRLjBPhjux79+tw+tUg2p7JY0k+mwaizYzDM/cKq7gW6j4bBVO0HaTSLRpPm+MXmPJ5/UfeDHiXiZlsYzRIcKewJgpXA5uv/RErhZ78NlcUmqJT8PQL6PyjsIktResPV2ayACCYkWuW1jEIh9doqQpDpp0RcBnA==",
        },
      },
      "SignatureValue": "I2yGtMwvldf1l+Q5IDWgN1bvdrE9d8SZGbwGw1IbY6xE7IubugJfwMR0BYIoJbo+muNxZUOPHBnWGLzFPtivJ9DPhPPwBM7L/BgueXYdGyDtdWZodNWbOuVPTrzaYtmABvZ+YTB0wtpsheUzwYhKmj/JGcEVRyKFpOh7+JqaTp6M1CzlndVO//iCS9oeSsPki1G/mvrHx4nUHTJlOmajF0vtsH+fE5+IEWXEnbzT4Djc+pfAj6hVWtRB7yibLFTnjPaXlhombOFqbTg0T+vDdTcfdBPEaoHfKmPsF+3OXVoPQ7k9eSRwoqKhLiO21zgkGnIVykCcCVcCg5APZO9/9h7nisZT3pL+i1ujIUWkMVdG2yWq1Ngtrq0rhLCzKNF5WlAIR9R+JQ+QDBg3Q1lGZatQIXlLht1NJdhUKGBpmI2jvwdRXJdbEVrvOXy7hmlxvgB8mXO2qHQz3+TpJnlcPJjKFLIio8uQG/mFY2g6DHaDfWjcqA79OkWzpOC9/r7hkTtzv1JfZy3AZZiaMP7ZQYNQDteVVkk639TZgY5KeGkhQyo8Xd8xif7NcQEo7OiUQeCltF0xS/PAKC+/vpLw7hEyYpbG+FSNqydI7pGUMGSgIwX9XG8s8KMyFB47yhYjEV+4uY3iGmKxr9i0vlL3CFhE54csHqitFkpk8Umi25U=",
      "SignedInfo": {
        "CanonicalizationMethod": {
          "@_Algorithm": "http://www.w3.org/TR/2001/REC-xml-c14n-20010315",
        },
        "Reference": {
          "@_URI": "#12345",
          "DigestMethod": {
            "@_Algorithm": "http://www.w3.org/2000/09/xmldsig#sha1",
          },
          "DigestValue": "IUBQicjb6SEh+6Ubh2qtOWVXSYU=",
          "Transforms": {
            "Transform": [
              {
                "@_Algorithm": "http://www.w3.org/2000/09/xmldsig#enveloped-signature",
              },
              {
                "@_Algorithm": "http://www.w3.org/TR/2001/REC-xml-c14n-20010315",
              },
            ],
          },
        },
        "SignatureMethod": {
          "@_Algorithm": "http://www.w3.org/2000/09/xmldsig#rsa-sha1",
        },
      },
    },
    "toSign": {
      "@_Id": "12345",
    },
  },
}
`;
