// Bun Snapshot v1, https://goo.gl/fbAQLP

exports[`sign signNfe Returns true when generate and sign the XML correctly 1`] = `"<NFe xmlns="http://www.portalfiscal.inf.br/nfe"><infNFe versao="4.00" Id="NFe12345678901234567890123456789012345678901235"><ide><cUF>35</cUF><cNF>00012345</cNF><natOp>Venda</natOp><mod>55</mod><serie>001</serie><nNF>123456</nNF><dhEmi>2024-12-06T08:00:00Z</dhEmi><tpNF>1</tpNF><idDest>1</idDest><cMunFG>3550308</cMunFG><tpImp>1</tpImp><tpEmis>1</tpEmis><cDV>5</cDV><tpAmb>1</tpAmb><finNFe>1</finNFe><indFinal>1</indFinal><indPres>1</indPres><procEmi>0</procEmi><verProc>1.0.0</verProc><NFref><refNFe>12345678901234567890123456789012345678901234</refNFe></NFref><NFref><refNF><cUF>35</cUF><AAMM>2412</AAMM><CNPJ>12345678000195</CNPJ><mod>01</mod><serie>001</serie><nNF>123456</nNF></refNF></NFref><NFref><refNFP><cUF>35</cUF><AAMM>2412</AAMM><CPF>11155599900</CPF><IE>1234567890</IE><mod>04</mod><serie>001</serie><nNF>123456</nNF></refNFP></NFref><NFref><refCTe>12345678901234567890123456789012345678901234</refCTe></NFref><NFref><refECF><mod>2B</mod><nECF>123</nECF><nCOO>123456</nCOO></refECF></NFref></ide><emit><CNPJ>12345678000195</CNPJ><xNome>Empresa Emitente LTDA</xNome><xFant>Fantasia Emitente</xFant><enderEmit><xLgr>Rua Exemplo</xLgr><nro>123</nro><xBairro>Bairro Exemplo</xBairro><cMun>3550308</cMun><xMun>São Paulo</xMun><UF>SP</UF><CEP>01001000</CEP></enderEmit><IE>1234567890</IE><CRT>3</CRT></emit><avulsa><CNPJ>12345678000195</CNPJ><xOrgao>Secretaria da Fazenda</xOrgao><matr>123456789</matr><xAgente>Agente da Fazenda</xAgente><fone>11999999999</fone><UF>SP</UF><nDAR>123456789012345678901234567890123456789012345678901234567890</nDAR><dEmi>2024-12-06</dEmi><vDAR>500.00</vDAR><repEmi>0</repEmi><dPag>2024-12-06</dPag></avulsa><dest><CPF>11155599900</CPF><xNome>Destinatário Exemplo</xNome><enderDest><xLgr>Avenida Exemplo</xLgr><nro>456</nro><xBairro>Outro Bairro</xBairro><cMun>3304557</cMun><xMun>Rio de Janeiro</xMun><UF>RJ</UF><CEP>20040030</CEP></enderDest><indIEDest>9</indIEDest></dest><retirada><CNPJ>12345678000195</CNPJ><xLgr>Rua Exemplo</xLgr><nro>123</nro><xBairro>Bairro Exemplo</xBairro><cMun>3550308</cMun><xMun>São Paulo</xMun><UF>SP</UF></retirada><entrega><CNPJ>12345678000195</CNPJ><xLgr>Rua Exemplo</xLgr><nro>123</nro><xBairro>Bairro Exemplo</xBairro><cMun>3550308</cMun><xMun>São Paulo</xMun><UF>SP</UF></entrega><autXML><CNPJ>12345678000195</CNPJ></autXML><det nItem="1"><prod><cProd>001</cProd><cEAN>SEM GTIN</cEAN><xProd>Produto Exemplo</xProd><NCM>12345678</NCM><CFOP>5102</CFOP><uCom>UN</uCom><qCom>10.0000</qCom><vUnCom>50.0000000000</vUnCom><vProd>500.00</vProd><uTrib>UN</uTrib><qTrib>10.0000</qTrib><vUnTrib>50.0000000000</vUnTrib><indTot>1</indTot><DI><nDI>123456</nDI><dDI>2024-12-06</dDI><xLocDesemb>Local Desembaraço</xLocDesemb><UFDesemb>SP</UFDesemb><dDesemb>2024-12-06</dDesemb><cExportador>123456789</cExportador><adi><nAdicao>1</nAdicao><nSeqAdic>1</nSeqAdic><cFabricante>123456789</cFabricante><vDescDI>0.00</vDescDI><nDraw>12345678901</nDraw></adi><tpViaTransp>7</tpViaTransp><tpIntermedio>1</tpIntermedio></DI><detExport><nDraw>12345678901</nDraw><exportInd><nRE>123456789012</nRE><chNFe>12345678901212345678901234567890123456789012</chNFe><qExport>10.000</qExport></exportInd></detExport><rastro><nLote>1</nLote><qLote>10.000</qLote><dFab>2024-12-06</dFab><dVal>2024-12-06</dVal><cAgreg>123456789</cAgreg></rastro></prod><imposto><ICMS><ICMS00><orig>0</orig><CST>00</CST><modBC>3</modBC><vBC>500.00</vBC><pICMS>18.00</pICMS><vICMS>90.00</vICMS></ICMS00></ICMS></imposto></det><total><ICMSTot><vBC>500.00</vBC><vICMS>90.00</vICMS><vICMSDeson>0.00</vICMSDeson><vFCP>0.00</vFCP><vBCST>0.00</vBCST><vST>0.00</vST><vFCPST>0.00</vFCPST><vFCPSTRet>0.00</vFCPSTRet><vProd>500.00</vProd><vFrete>0.00</vFrete><vSeg>0.00</vSeg><vDesc>0.00</vDesc><vII>0.00</vII><vIPI>0.00</vIPI><vIPIDevol>0.00</vIPIDevol><vPIS>0.00</vPIS><vCOFINS>0.00</vCOFINS><vOutro>0.00</vOutro><vNF>500.00</vNF></ICMSTot><ISSQNtot><vServ>0.00</vServ><vBC>0.00</vBC><vISS>0.00</vISS><vPIS>0.00</vPIS><vCOFINS>0.00</vCOFINS><dCompet>2024-12-06</dCompet><vDeducao>0.00</vDeducao><vOutro>0.00</vOutro><vDescIncond>0.00</vDescIncond><vDescCond>0.00</vDescCond><vISSRet>0.00</vISSRet><cRegTrib>5</cRegTrib></ISSQNtot><retTrib><vRetPIS>0.00</vRetPIS><vRetCOFINS>0.00</vRetCOFINS><vRetCSLL>0.00</vRetCSLL><vBCIRRF>0.00</vBCIRRF><vIRRF>0.00</vIRRF><vBCRetPrev>0.00</vBCRetPrev><vRetPrev>0.00</vRetPrev></retTrib></total><transp><modFrete>1</modFrete></transp><pag><detPag><tPag>01</tPag><vPag>500.00</vPag></detPag></pag><cobr><dup><vDup>500.00</vDup></dup></cobr><infIntermed><CNPJ>00023456000177</CNPJ><idCadIntTran>123456789012345678901234567890123456789012345678901234567890</idCadIntTran></infIntermed><infAdic/><infRespTec><CNPJ>12345678000195</CNPJ><xContato>Responsável Técnico</xContato><email>responsavel@empresa.com</email><fone>11999999999</fone></infRespTec></infNFe><Signature xmlns="http://www.w3.org/2000/09/xmldsig#"><SignedInfo><CanonicalizationMethod Algorithm="http://www.w3.org/TR/2001/REC-xml-c14n-20010315"/><SignatureMethod Algorithm="http://www.w3.org/2000/09/xmldsig#rsa-sha1"/><Reference URI="#NFe12345678901234567890123456789012345678901235"><Transforms><Transform Algorithm="http://www.w3.org/2000/09/xmldsig#enveloped-signature"/><Transform Algorithm="http://www.w3.org/TR/2001/REC-xml-c14n-20010315"/></Transforms><DigestMethod Algorithm="http://www.w3.org/2000/09/xmldsig#sha1"/><DigestValue>m2wNpmSlCY789bgA9oeRFHxrB4g=</DigestValue></Reference></SignedInfo><SignatureValue>WaTrwwmv6jP4NKFuV1JeekxSLfNJQRLqVxI8LtLHtTS274mm6aKlQ7W5sS/NjgYz9ZiWAHNxQOqT3HLkSVEYaevz0MMmrM5oeRKu5PJ4XcgzJF2V9QIyKi7wYhjkyy6tQt6a23qq4Uz5NHD11WlWp/8uQPJgtbeFhhGJ1WDuAxBGDFIiLfcztNWHOE+WApER8RTQ+Y+MVHLhgQLf0a8u0QFxSPny5LXrd6ZgZA0+hQiq4CcGoilPh8Wvm0mlZRIG0/6UHN+0UMPYZvJ56zYVEU3IQYJcKZshO+u9xMXExoLSHh4JXaCAtOdr+vdmnEAgXl6qNeo2foh1TIc3oKzipg==</SignatureValue><KeyInfo><X509Data><X509Certificate>MIIHsTCCBZmgAwIBAgIITIXNEVOBc9YwDQYJKoZIhvcNAQELBQAwdDELMAkGA1UEBhMCQlIxEzARBgNVBAoTCklDUC1CcmFzaWwxNjA0BgNVBAsTLVNlY3JldGFyaWEgZGEgUmVjZWl0YSBGZWRlcmFsIGRvIEJyYXNpbCAtIFJGQjEYMBYGA1UEAxMPQUMgVkFMSUQgUkZCIHY1MB4XDTIzMTIwNDExMzQxOFoXDTI0MTIwMzExMzQxOFowgfMxCzAJBgNVBAYTAkJSMRMwEQYDVQQKEwpJQ1AtQnJhc2lsMTYwNAYDVQQLEy1TZWNyZXRhcmlhIGRhIFJlY2VpdGEgRmVkZXJhbCBkbyBCcmFzaWwgLSBSRkIxFTATBgNVBAsTDFJGQiBlLUNQRiBBMTEYMBYGA1UECxMPQUMgVkFMSUQgUkZCIFY1MQ4wDAYDVQQLEwVBUiBKUjEZMBcGA1UECxMQVmlkZW9jb25mZXJlbmNpYTEXMBUGA1UECxMOMTk1NzY1NjcwMDAxMzkxIjAgBgNVBAMTGUZFTElQUEUgTEVOWkk6MDMyMTY4MDE5NzcwggEiMA0GCSqGSIb3DQEBAQUAA4IBDwAwggEKAoIBAQDELjwh4k19/dqdc7m0O/R+j67UUuyvggzeItjZBTudOnQ5uYwf2x08FnswFF+/jC1FDitsTYb1eFgifLS7wFSlIdk7qQykZY13gmn5rRBrTixAmK9FKYAHm8ezPAyE57stca68mZVT9PbW97Wi8dHLCJ6KFEsU/uALNulUILY8xCe1Ip8Rua8yJ3NjnwfUl27LU50uJsc+1Bonh+sylRFWiwtf/y/AVpr+zoWwBc9Tr5ElWf3lmSEOSNaiEKla5bMcEOZd57ncgJgubttx0KhNm4/Aj3wxXzXnimto1s2SUp578A5QUAcwfnvs9luf7sGVKdMw6mijx0eYa82xY1gTAgMBAAGjggLFMIICwTCBnAYIKwYBBQUHAQEEgY8wgYwwVQYIKwYBBQUHMAKGSWh0dHA6Ly9pY3AtYnJhc2lsLnZhbGlkY2VydGlmaWNhZG9yYS5jb20uYnIvYWMtdmFsaWRyZmIvYWMtdmFsaWRyZmJ2NS5wN2IwMwYIKwYBBQUHMAGGJ2h0dHA6Ly9vY3NwdjUudmFsaWRjZXJ0aWZpY2Fkb3JhLmNvbS5icjAJBgNVHRMEAjAAMB8GA1UdIwQYMBaAFFPLpeR1UJlALL5bFUXJvsswqonFMHAGA1UdIARpMGcwZQYGYEwBAgElMFswWQYIKwYBBQUHAgEWTWh0dHA6Ly9pY3AtYnJhc2lsLnZhbGlkY2VydGlmaWNhZG9yYS5jb20uYnIvYWMtdmFsaWRyZmIvZHBjLWFjLXZhbGlkcmZiVjUucGRmMIG2BgNVHR8Ega4wgaswU6BRoE+GTWh0dHA6Ly9pY3AtYnJhc2lsLnZhbGlkY2VydGlmaWNhZG9yYS5jb20uYnIvYWMtdmFsaWRyZmIvbGNyLWFjLXZhbGlkcmZidjUuY3JsMFSgUqBQhk5odHRwOi8vaWNwLWJyYXNpbDIudmFsaWRjZXJ0aWZpY2Fkb3JhLmNvbS5ici9hYy12YWxpZHJmYi9sY3ItYWMtdmFsaWRyZmJ2NS5jcmwwDgYDVR0PAQH/BAQDAgXgMB0GA1UdJQQWMBQGCCsGAQUFBwMCBggrBgEFBQcDBDCBmQYDVR0RBIGRMIGOgRlzYW50YWFuYWZhemVuZGFAZ21haWwuY29toDgGBWBMAQMBoC8ELTA5MDgxOTc4MDMyMTY4MDE5NzcwMDAwMDAwMDAwMDAwMDAwMDAwMDAwMDAwMKAXBgVgTAEDBqAOBAwwMzIxNjgwMTkwMDGgHgYFYEwBAwWgFQQTMDAwMDAwMDAwMDAwMDAwMDAwMDANBgkqhkiG9w0BAQsFAAOCAgEAWFdTesOkJnVpv2KeAO8OuwCRSmgBQ5XKzJYaa+AuIXPYVV3JpGOxzH4vM7UfWvureke+zWJW/CuY4oWiAJj4ComrsvRShbS+ybvNJ1i3PaTiEiJ6LoUv2wDHz12NWp3xHhNyReAUqeLByp97ICvxGDNKPBXSxoB0LVKscSaWWQa6tUU5Rp+OtUu0/GMm2YM3RYqMphvb/rG+cddmhQKTGcYn6QuJ1IO0X5ku+gbKmRM5E8d/3ZFogh+riWjRrbMpGE20IE7nFuzVxoNxPMAq6LTngaf1CfBhb/cOPSALBpZ0tHktxcK5Z3d8blM+0Y7J3R6Tg09cOti4REd1CgqdSq7u44+P0/PuZAdVKpWowhlzWtxCk+PshtNEvtCfSDl7tumaMUmLpqMQET7TXKgh+zQgogN1pS/lUZSbFtKcxqaheSDrAqKc7642Mj7A4p51o0ktJIo7DgP0zwKE2jLycN5ijgQon/YnmQyAiUDVUajDgtwjB/+q/9ij8dRKUAjTgv4GIwFvHtfPaaaxWDmEjfD33QVhfSE2rebOy9Sz/GYQ9aIvf4sweyBzfXFvfzAOah/moBbZKeSIvT7cZywk/OT1IYl+E3woqlVkksiVHmGXiwcIrpHrO21WB12dDY4nWa4TdzJwLSklguXGkHNmHDsb1s0FRDvSxKOU1OMhJ+4=</X509Certificate></X509Data></KeyInfo></Signature></NFe>"`;
